// WARNING: This file is machine generated by fidlc.

#include <lib/fidl/internal.h>

// Forward declarations for old <-> V1 mappings

extern const fidl_type_t fidl_test_json_superfooRequestTable;
extern const fidl_type_t fidl_test_json_superfooResponseTable;
extern const fidl_type_t fidl_test_json_subfooRequestTable;
extern const fidl_type_t fidl_test_json_subfooResponseTable;
extern const fidl_type_t v1_fidl_test_json_superfooRequestTable;
extern const fidl_type_t v1_fidl_test_json_superfooResponseTable;
extern const fidl_type_t v1_fidl_test_json_subfooRequestTable;
extern const fidl_type_t v1_fidl_test_json_subfooResponseTable;

// Coding tables for old wire format.



static const fidl_type_t String4294967295nonnullableTable = {.type_tag=kFidlTypeString, {.coded_string={.max_size=4294967295u, .nullable=kFidlNullability_Nonnullable}}};

extern const fidl_type_t fidl_test_json_superfooRequestTable;
static const struct FidlStructField Fields30fidl_test_json_superfooRequest[] = {
    /*FidlStructField*/{.type=&String4294967295nonnullableTable, .offset=16u, .padding=0u}
};
const fidl_type_t fidl_test_json_superfooRequestTable = {.type_tag=kFidlTypeStruct, {.coded_struct={.fields=Fields30fidl_test_json_superfooRequest, .field_count=1u, .size=32u, .max_out_of_line=4294967295u, .contains_union=false, .name="fidl.test.json/superfooRequest", .alt_type=&v1_fidl_test_json_superfooRequestTable}}};

extern const fidl_type_t fidl_test_json_superfooResponseTable;
static const struct FidlStructField Fields31fidl_test_json_superfooResponse[] = {
    /*FidlStructField*/{.type=NULL, .padding_offset=24u, .padding=0u}
};
const fidl_type_t fidl_test_json_superfooResponseTable = {.type_tag=kFidlTypeStruct, {.coded_struct={.fields=Fields31fidl_test_json_superfooResponse, .field_count=1u, .size=24u, .max_out_of_line=0u, .contains_union=false, .name="fidl.test.json/superfooResponse", .alt_type=&v1_fidl_test_json_superfooResponseTable}}};

extern const fidl_type_t fidl_test_json_subfooRequestTable;
static const struct FidlStructField Fields28fidl_test_json_subfooRequest[] = {
    /*FidlStructField*/{.type=&String4294967295nonnullableTable, .offset=16u, .padding=0u}
};
const fidl_type_t fidl_test_json_subfooRequestTable = {.type_tag=kFidlTypeStruct, {.coded_struct={.fields=Fields28fidl_test_json_subfooRequest, .field_count=1u, .size=32u, .max_out_of_line=4294967295u, .contains_union=false, .name="fidl.test.json/subfooRequest", .alt_type=&v1_fidl_test_json_subfooRequestTable}}};

extern const fidl_type_t fidl_test_json_subfooResponseTable;
static const struct FidlStructField Fields29fidl_test_json_subfooResponse[] = {
    /*FidlStructField*/{.type=NULL, .padding_offset=24u, .padding=0u}
};
const fidl_type_t fidl_test_json_subfooResponseTable = {.type_tag=kFidlTypeStruct, {.coded_struct={.fields=Fields29fidl_test_json_subfooResponse, .field_count=1u, .size=24u, .max_out_of_line=0u, .contains_union=false, .name="fidl.test.json/subfooResponse", .alt_type=&v1_fidl_test_json_subfooResponseTable}}};


// Coding tables for v1 wire format.



static const fidl_type_t v1_String4294967295nonnullableTable = {.type_tag=kFidlTypeString, {.coded_string={.max_size=4294967295u, .nullable=kFidlNullability_Nonnullable}}};

extern const fidl_type_t v1_fidl_test_json_superfooRequestTable;
static const struct FidlStructField Fields33v1_fidl_test_json_superfooRequest[] = {
    /*FidlStructField*/{.type=&v1_String4294967295nonnullableTable, .offset=16u, .padding=0u}
};
const fidl_type_t v1_fidl_test_json_superfooRequestTable = {.type_tag=kFidlTypeStruct, {.coded_struct={.fields=Fields33v1_fidl_test_json_superfooRequest, .field_count=1u, .size=32u, .max_out_of_line=4294967295u, .contains_union=false, .name="fidl.test.json/superfooRequest", .alt_type=&fidl_test_json_superfooRequestTable}}};

extern const fidl_type_t v1_fidl_test_json_superfooResponseTable;
static const struct FidlStructField Fields34v1_fidl_test_json_superfooResponse[] = {
    /*FidlStructField*/{.type=NULL, .padding_offset=24u, .padding=0u}
};
const fidl_type_t v1_fidl_test_json_superfooResponseTable = {.type_tag=kFidlTypeStruct, {.coded_struct={.fields=Fields34v1_fidl_test_json_superfooResponse, .field_count=1u, .size=24u, .max_out_of_line=0u, .contains_union=false, .name="fidl.test.json/superfooResponse", .alt_type=&fidl_test_json_superfooResponseTable}}};

extern const fidl_type_t v1_fidl_test_json_subfooRequestTable;
static const struct FidlStructField Fields31v1_fidl_test_json_subfooRequest[] = {
    /*FidlStructField*/{.type=&v1_String4294967295nonnullableTable, .offset=16u, .padding=0u}
};
const fidl_type_t v1_fidl_test_json_subfooRequestTable = {.type_tag=kFidlTypeStruct, {.coded_struct={.fields=Fields31v1_fidl_test_json_subfooRequest, .field_count=1u, .size=32u, .max_out_of_line=4294967295u, .contains_union=false, .name="fidl.test.json/subfooRequest", .alt_type=&fidl_test_json_subfooRequestTable}}};

extern const fidl_type_t v1_fidl_test_json_subfooResponseTable;
static const struct FidlStructField Fields32v1_fidl_test_json_subfooResponse[] = {
    /*FidlStructField*/{.type=NULL, .padding_offset=24u, .padding=0u}
};
const fidl_type_t v1_fidl_test_json_subfooResponseTable = {.type_tag=kFidlTypeStruct, {.coded_struct={.fields=Fields32v1_fidl_test_json_subfooResponse, .field_count=1u, .size=24u, .max_out_of_line=0u, .contains_union=false, .name="fidl.test.json/subfooResponse", .alt_type=&fidl_test_json_subfooResponseTable}}};


