// WARNING: This file is machine generated by fidlc.

#include <lib/fidl/internal.h>

// Forward declarations for old <-> V1 mappings

extern const fidl_type_t test_name_SecondProtocolMethodOnSecondRequestTable;
extern const fidl_type_t test_name_FirstProtocolMethodOnFirstRequestTable;
extern const fidl_type_t v1_test_name_SecondProtocolMethodOnSecondRequestTable;
extern const fidl_type_t v1_test_name_FirstProtocolMethodOnFirstRequestTable;

// Coding tables for old wire format.



extern const fidl_type_t test_name_SecondProtocolMethodOnSecondRequestTable;
static const struct FidlStructField Fields45test_name_SecondProtocolMethodOnSecondRequest[] = {};
const fidl_type_t test_name_SecondProtocolMethodOnSecondRequestTable = {.type_tag=kFidlTypeStruct, {.coded_struct={.fields=Fields45test_name_SecondProtocolMethodOnSecondRequest, .field_count=0u, .size=16u, .max_out_of_line=0u, .contains_union=false, .name="test.name/SecondProtocolMethodOnSecondRequest", .alt_type=&v1_test_name_SecondProtocolMethodOnSecondRequestTable}}};

extern const fidl_type_t test_name_FirstProtocolMethodOnFirstRequestTable;
static const struct FidlStructField Fields43test_name_FirstProtocolMethodOnFirstRequest[] = {};
const fidl_type_t test_name_FirstProtocolMethodOnFirstRequestTable = {.type_tag=kFidlTypeStruct, {.coded_struct={.fields=Fields43test_name_FirstProtocolMethodOnFirstRequest, .field_count=0u, .size=16u, .max_out_of_line=0u, .contains_union=false, .name="test.name/FirstProtocolMethodOnFirstRequest", .alt_type=&v1_test_name_FirstProtocolMethodOnFirstRequestTable}}};


// Coding tables for v1 wire format.



extern const fidl_type_t v1_test_name_SecondProtocolMethodOnSecondRequestTable;
static const struct FidlStructField Fields48v1_test_name_SecondProtocolMethodOnSecondRequest[] = {};
const fidl_type_t v1_test_name_SecondProtocolMethodOnSecondRequestTable = {.type_tag=kFidlTypeStruct, {.coded_struct={.fields=Fields48v1_test_name_SecondProtocolMethodOnSecondRequest, .field_count=0u, .size=16u, .max_out_of_line=0u, .contains_union=false, .name="test.name/SecondProtocolMethodOnSecondRequest", .alt_type=&test_name_SecondProtocolMethodOnSecondRequestTable}}};

extern const fidl_type_t v1_test_name_FirstProtocolMethodOnFirstRequestTable;
static const struct FidlStructField Fields46v1_test_name_FirstProtocolMethodOnFirstRequest[] = {};
const fidl_type_t v1_test_name_FirstProtocolMethodOnFirstRequestTable = {.type_tag=kFidlTypeStruct, {.coded_struct={.fields=Fields46v1_test_name_FirstProtocolMethodOnFirstRequest, .field_count=0u, .size=16u, .max_out_of_line=0u, .contains_union=false, .name="test.name/FirstProtocolMethodOnFirstRequest", .alt_type=&test_name_FirstProtocolMethodOnFirstRequestTable}}};


