// WARNING: This file is machine generated by fidlc.

#include <lib/fidl/internal.h>

// Forward declarations for old <-> V1 mappings

static const fidl_type_t Vector4294967295nonnullable27String4294967295nonnullableTable;
static const fidl_type_t Vector4294967295nonnullable19String16nonnullableTable;
extern const fidl_type_t fidl_test_json_UnionTable;
extern const fidl_type_t fidl_test_json_StrictUnionTable;
extern const fidl_type_t fidl_test_json_ReverseOrdinalUnionTable;
extern const fidl_type_t fidl_test_json_PizzaTable;
extern const fidl_type_t fidl_test_json_PastaTable;
extern const fidl_type_t fidl_test_json_StrictPizzaOrPastaTable;
extern const fidl_type_t fidl_test_json_PizzaOrPastaTable;
extern const fidl_type_t fidl_test_json_FlexiblePizzaOrPastaTable;
extern const fidl_type_t fidl_test_json_ExplicitPizzaOrPastaTable;
extern const fidl_type_t fidl_test_json_NullableUnionStructTable;
extern const fidl_type_t fidl_test_json_FlexibleUnionTable;
extern const fidl_type_t fidl_test_json_FieldCollisionTable;
extern const fidl_type_t fidl_test_json_ExplicitUnionTable;
static const fidl_type_t v1_Vector4294967295nonnullable30v1_String4294967295nonnullableTable;
static const fidl_type_t v1_Vector4294967295nonnullable22v1_String16nonnullableTable;
extern const fidl_type_t v1_fidl_test_json_UnionTable;
static const fidl_type_t v1_Pointer23v1_fidl_test_json_UnionTable;
extern const fidl_type_t v1_fidl_test_json_StrictUnionTable;
extern const fidl_type_t v1_fidl_test_json_ReverseOrdinalUnionTable;
extern const fidl_type_t v1_fidl_test_json_PizzaTable;
extern const fidl_type_t v1_fidl_test_json_PastaTable;
extern const fidl_type_t v1_fidl_test_json_StrictPizzaOrPastaTable;
extern const fidl_type_t v1_fidl_test_json_PizzaOrPastaTable;
extern const fidl_type_t v1_fidl_test_json_FlexiblePizzaOrPastaTable;
extern const fidl_type_t v1_fidl_test_json_ExplicitPizzaOrPastaTable;
extern const fidl_type_t v1_fidl_test_json_NullableUnionStructTable;
extern const fidl_type_t v1_fidl_test_json_FlexibleUnionTable;
extern const fidl_type_t v1_fidl_test_json_FieldCollisionTable;
extern const fidl_type_t v1_fidl_test_json_ExplicitUnionTable;

// Coding tables for old wire format.

extern const fidl_type_t fidl_test_json_UnionTable;
extern const fidl_type_t fidl_test_json_StrictUnionTable;
extern const fidl_type_t fidl_test_json_ReverseOrdinalUnionTable;
extern const fidl_type_t fidl_test_json_PizzaTable;
extern const fidl_type_t fidl_test_json_PastaTable;
extern const fidl_type_t fidl_test_json_StrictPizzaOrPastaTable;
extern const fidl_type_t fidl_test_json_PizzaOrPastaTable;
extern const fidl_type_t fidl_test_json_FlexiblePizzaOrPastaTable;
extern const fidl_type_t fidl_test_json_ExplicitPizzaOrPastaTable;
extern const fidl_type_t fidl_test_json_NullableUnionStructTable;
extern const fidl_type_t fidl_test_json_FlexibleUnionTable;
extern const fidl_type_t fidl_test_json_FieldCollisionTable;
extern const fidl_type_t fidl_test_json_ExplicitUnionTable;

static const fidl_type_t Pointer20fidl_test_json_UnionTable = {.type_tag=kFidlTypeUnionPointer, {.coded_union_pointer={.union_type=&fidl_test_json_UnionTable.coded_union}}};

static const fidl_type_t String4294967295nonnullableTable = {.type_tag=kFidlTypeString, {.coded_string={.max_size=4294967295u, .nullable=kFidlNullability_Nonnullable}}};

static const fidl_type_t Vector4294967295nonnullable27String4294967295nonnullableTable = {.type_tag=kFidlTypeVector, {.coded_vector={.element=&String4294967295nonnullableTable, .max_count=4294967295u, .element_size=16u, .nullable=kFidlNullability_Nonnullable, .alt_type=&v1_Vector4294967295nonnullable30v1_String4294967295nonnullableTable}}};

static const fidl_type_t String16nonnullableTable = {.type_tag=kFidlTypeString, {.coded_string={.max_size=16u, .nullable=kFidlNullability_Nonnullable}}};

static const fidl_type_t Vector4294967295nonnullable19String16nonnullableTable = {.type_tag=kFidlTypeVector, {.coded_vector={.element=&String16nonnullableTable, .max_count=4294967295u, .element_size=16u, .nullable=kFidlNullability_Nonnullable, .alt_type=&v1_Vector4294967295nonnullable22v1_String16nonnullableTable}}};


static const struct FidlUnionField Fields20fidl_test_json_Union[] = {
    /*FidlUnionField*/{.type=NULL, .padding=12u, .xunion_ordinal=1u},
    /*FidlUnionField*/{.type=&String4294967295nonnullableTable, .padding=0u, .xunion_ordinal=2u},
    /*FidlUnionField*/{.type=&Vector4294967295nonnullable27String4294967295nonnullableTable, .padding=0u, .xunion_ordinal=3u}
};
const fidl_type_t fidl_test_json_UnionTable = {.type_tag=kFidlTypeUnion, {.coded_union={.fields=Fields20fidl_test_json_Union, .field_count=3u, .data_offset=8u, .size=24u, .name="fidl.test.json/Union", .alt_type=&v1_fidl_test_json_UnionTable}}};

static const struct FidlUnionField Fields26fidl_test_json_StrictUnion[] = {
    /*FidlUnionField*/{.type=NULL, .padding=12u, .xunion_ordinal=1u},
    /*FidlUnionField*/{.type=&String4294967295nonnullableTable, .padding=0u, .xunion_ordinal=2u},
    /*FidlUnionField*/{.type=&Vector4294967295nonnullable27String4294967295nonnullableTable, .padding=0u, .xunion_ordinal=3u}
};
const fidl_type_t fidl_test_json_StrictUnionTable = {.type_tag=kFidlTypeUnion, {.coded_union={.fields=Fields26fidl_test_json_StrictUnion, .field_count=3u, .data_offset=8u, .size=24u, .name="fidl.test.json/StrictUnion", .alt_type=&v1_fidl_test_json_StrictUnionTable}}};

static const struct FidlUnionField Fields34fidl_test_json_ReverseOrdinalUnion[] = {
    /*FidlUnionField*/{.type=NULL, .padding=0u, .xunion_ordinal=1u},
    /*FidlUnionField*/{.type=NULL, .padding=0u, .xunion_ordinal=2u}
};
const fidl_type_t fidl_test_json_ReverseOrdinalUnionTable = {.type_tag=kFidlTypeUnion, {.coded_union={.fields=Fields34fidl_test_json_ReverseOrdinalUnion, .field_count=2u, .data_offset=4u, .size=8u, .name="fidl.test.json/ReverseOrdinalUnion", .alt_type=&v1_fidl_test_json_ReverseOrdinalUnionTable}}};

static const struct FidlStructField Fields20fidl_test_json_Pizza[] = {
    /*FidlStructField*/{.type=&Vector4294967295nonnullable19String16nonnullableTable, .offset=0u, .padding=0u}
};
const fidl_type_t fidl_test_json_PizzaTable = {.type_tag=kFidlTypeStruct, {.coded_struct={.fields=Fields20fidl_test_json_Pizza, .field_count=1u, .size=16u, .max_out_of_line=4294967295u, .contains_union=false, .name="fidl.test.json/Pizza", .alt_type=&v1_fidl_test_json_PizzaTable}}};

static const struct FidlStructField Fields20fidl_test_json_Pasta[] = {
    /*FidlStructField*/{.type=&String16nonnullableTable, .offset=0u, .padding=0u}
};
const fidl_type_t fidl_test_json_PastaTable = {.type_tag=kFidlTypeStruct, {.coded_struct={.fields=Fields20fidl_test_json_Pasta, .field_count=1u, .size=16u, .max_out_of_line=16u, .contains_union=false, .name="fidl.test.json/Pasta", .alt_type=&v1_fidl_test_json_PastaTable}}};

static const struct FidlUnionField Fields33fidl_test_json_StrictPizzaOrPasta[] = {
    /*FidlUnionField*/{.type=&fidl_test_json_PizzaTable, .padding=0u, .xunion_ordinal=1u},
    /*FidlUnionField*/{.type=&fidl_test_json_PastaTable, .padding=0u, .xunion_ordinal=2u}
};
const fidl_type_t fidl_test_json_StrictPizzaOrPastaTable = {.type_tag=kFidlTypeUnion, {.coded_union={.fields=Fields33fidl_test_json_StrictPizzaOrPasta, .field_count=2u, .data_offset=8u, .size=24u, .name="fidl.test.json/StrictPizzaOrPasta", .alt_type=&v1_fidl_test_json_StrictPizzaOrPastaTable}}};

static const struct FidlUnionField Fields27fidl_test_json_PizzaOrPasta[] = {
    /*FidlUnionField*/{.type=&fidl_test_json_PizzaTable, .padding=0u, .xunion_ordinal=1u},
    /*FidlUnionField*/{.type=&fidl_test_json_PastaTable, .padding=0u, .xunion_ordinal=2u}
};
const fidl_type_t fidl_test_json_PizzaOrPastaTable = {.type_tag=kFidlTypeUnion, {.coded_union={.fields=Fields27fidl_test_json_PizzaOrPasta, .field_count=2u, .data_offset=8u, .size=24u, .name="fidl.test.json/PizzaOrPasta", .alt_type=&v1_fidl_test_json_PizzaOrPastaTable}}};

static const struct FidlUnionField Fields35fidl_test_json_FlexiblePizzaOrPasta[] = {
    /*FidlUnionField*/{.type=&fidl_test_json_PizzaTable, .padding=0u, .xunion_ordinal=1u},
    /*FidlUnionField*/{.type=&fidl_test_json_PastaTable, .padding=0u, .xunion_ordinal=2u}
};
const fidl_type_t fidl_test_json_FlexiblePizzaOrPastaTable = {.type_tag=kFidlTypeUnion, {.coded_union={.fields=Fields35fidl_test_json_FlexiblePizzaOrPasta, .field_count=2u, .data_offset=8u, .size=24u, .name="fidl.test.json/FlexiblePizzaOrPasta", .alt_type=&v1_fidl_test_json_FlexiblePizzaOrPastaTable}}};

static const struct FidlUnionField Fields35fidl_test_json_ExplicitPizzaOrPasta[] = {
    /*FidlUnionField*/{.type=&fidl_test_json_PizzaTable, .padding=0u, .xunion_ordinal=1u},
    /*FidlUnionField*/{.type=&fidl_test_json_PastaTable, .padding=0u, .xunion_ordinal=4u}
};
const fidl_type_t fidl_test_json_ExplicitPizzaOrPastaTable = {.type_tag=kFidlTypeUnion, {.coded_union={.fields=Fields35fidl_test_json_ExplicitPizzaOrPasta, .field_count=2u, .data_offset=8u, .size=24u, .name="fidl.test.json/ExplicitPizzaOrPasta", .alt_type=&v1_fidl_test_json_ExplicitPizzaOrPastaTable}}};

static const struct FidlStructField Fields34fidl_test_json_NullableUnionStruct[] = {
    /*FidlStructField*/{.type=&Pointer20fidl_test_json_UnionTable, .offset=0u, .padding=0u}
};
const fidl_type_t fidl_test_json_NullableUnionStructTable = {.type_tag=kFidlTypeStruct, {.coded_struct={.fields=Fields34fidl_test_json_NullableUnionStruct, .field_count=1u, .size=8u, .max_out_of_line=4294967295u, .contains_union=true, .name="fidl.test.json/NullableUnionStruct", .alt_type=&v1_fidl_test_json_NullableUnionStructTable}}};

static const struct FidlUnionField Fields28fidl_test_json_FlexibleUnion[] = {
    /*FidlUnionField*/{.type=NULL, .padding=12u, .xunion_ordinal=1u},
    /*FidlUnionField*/{.type=&String4294967295nonnullableTable, .padding=0u, .xunion_ordinal=2u},
    /*FidlUnionField*/{.type=&Vector4294967295nonnullable27String4294967295nonnullableTable, .padding=0u, .xunion_ordinal=3u}
};
const fidl_type_t fidl_test_json_FlexibleUnionTable = {.type_tag=kFidlTypeUnion, {.coded_union={.fields=Fields28fidl_test_json_FlexibleUnion, .field_count=3u, .data_offset=8u, .size=24u, .name="fidl.test.json/FlexibleUnion", .alt_type=&v1_fidl_test_json_FlexibleUnionTable}}};

static const struct FidlUnionField Fields29fidl_test_json_FieldCollision[] = {
    /*FidlUnionField*/{.type=NULL, .padding=0u, .xunion_ordinal=1u}
};
const fidl_type_t fidl_test_json_FieldCollisionTable = {.type_tag=kFidlTypeUnion, {.coded_union={.fields=Fields29fidl_test_json_FieldCollision, .field_count=1u, .data_offset=4u, .size=8u, .name="fidl.test.json/FieldCollision", .alt_type=&v1_fidl_test_json_FieldCollisionTable}}};

static const struct FidlUnionField Fields28fidl_test_json_ExplicitUnion[] = {
    /*FidlUnionField*/{.type=NULL, .padding=12u, .xunion_ordinal=1u},
    /*FidlUnionField*/{.type=&String4294967295nonnullableTable, .padding=0u, .xunion_ordinal=3u}
};
const fidl_type_t fidl_test_json_ExplicitUnionTable = {.type_tag=kFidlTypeUnion, {.coded_union={.fields=Fields28fidl_test_json_ExplicitUnion, .field_count=2u, .data_offset=8u, .size=24u, .name="fidl.test.json/ExplicitUnion", .alt_type=&v1_fidl_test_json_ExplicitUnionTable}}};

// Coding tables for v1 wire format.

extern const fidl_type_t v1_fidl_test_json_UnionTable;
static const fidl_type_t v1_Pointer23v1_fidl_test_json_UnionTable;
extern const fidl_type_t v1_fidl_test_json_StrictUnionTable;
extern const fidl_type_t v1_fidl_test_json_ReverseOrdinalUnionTable;
extern const fidl_type_t v1_fidl_test_json_PizzaTable;
extern const fidl_type_t v1_fidl_test_json_PastaTable;
extern const fidl_type_t v1_fidl_test_json_StrictPizzaOrPastaTable;
extern const fidl_type_t v1_fidl_test_json_PizzaOrPastaTable;
extern const fidl_type_t v1_fidl_test_json_FlexiblePizzaOrPastaTable;
extern const fidl_type_t v1_fidl_test_json_ExplicitPizzaOrPastaTable;
extern const fidl_type_t v1_fidl_test_json_NullableUnionStructTable;
extern const fidl_type_t v1_fidl_test_json_FlexibleUnionTable;
extern const fidl_type_t v1_fidl_test_json_FieldCollisionTable;
extern const fidl_type_t v1_fidl_test_json_ExplicitUnionTable;


static const fidl_type_t v1_String4294967295nonnullableTable = {.type_tag=kFidlTypeString, {.coded_string={.max_size=4294967295u, .nullable=kFidlNullability_Nonnullable}}};

static const fidl_type_t v1_Vector4294967295nonnullable30v1_String4294967295nonnullableTable = {.type_tag=kFidlTypeVector, {.coded_vector={.element=&v1_String4294967295nonnullableTable, .max_count=4294967295u, .element_size=16u, .nullable=kFidlNullability_Nonnullable, .alt_type=&Vector4294967295nonnullable27String4294967295nonnullableTable}}};

static const fidl_type_t v1_String16nonnullableTable = {.type_tag=kFidlTypeString, {.coded_string={.max_size=16u, .nullable=kFidlNullability_Nonnullable}}};

static const fidl_type_t v1_Vector4294967295nonnullable22v1_String16nonnullableTable = {.type_tag=kFidlTypeVector, {.coded_vector={.element=&v1_String16nonnullableTable, .max_count=4294967295u, .element_size=16u, .nullable=kFidlNullability_Nonnullable, .alt_type=&Vector4294967295nonnullable19String16nonnullableTable}}};


static const struct FidlXUnionField Fields23v1_fidl_test_json_Union[] = {
    /*FidlXUnionField*/{.type=&fidl_internal_kInt32Table, .ordinal=1u},
    /*FidlXUnionField*/{.type=&v1_String4294967295nonnullableTable, .ordinal=2u},
    /*FidlXUnionField*/{.type=&v1_Vector4294967295nonnullable30v1_String4294967295nonnullableTable, .ordinal=3u}
};
const fidl_type_t v1_fidl_test_json_UnionTable = {.type_tag=kFidlTypeXUnion, {.coded_xunion={.field_count=3u, .fields=Fields23v1_fidl_test_json_Union, .nullable=kFidlNullability_Nonnullable, .name="fidl.test.json/Union", .strictness=kFidlStrictness_Strict, .alt_type=&fidl_test_json_UnionTable}}};
static const struct FidlXUnionField Fields35v1_Pointer23v1_fidl_test_json_Union[] = {
    /*FidlXUnionField*/{.type=&fidl_internal_kInt32Table, .ordinal=1u},
    /*FidlXUnionField*/{.type=&v1_String4294967295nonnullableTable, .ordinal=2u},
    /*FidlXUnionField*/{.type=&v1_Vector4294967295nonnullable30v1_String4294967295nonnullableTable, .ordinal=3u}
};
static const fidl_type_t v1_Pointer23v1_fidl_test_json_UnionTable = {.type_tag=kFidlTypeXUnion, {.coded_xunion={.field_count=3u, .fields=Fields35v1_Pointer23v1_fidl_test_json_Union, .nullable=kFidlNullability_Nullable, .name="fidl.test.json/Union", .strictness=kFidlStrictness_Strict, .alt_type=&Pointer20fidl_test_json_UnionTable}}};
static const struct FidlXUnionField Fields29v1_fidl_test_json_StrictUnion[] = {
    /*FidlXUnionField*/{.type=&fidl_internal_kInt32Table, .ordinal=1u},
    /*FidlXUnionField*/{.type=&v1_String4294967295nonnullableTable, .ordinal=2u},
    /*FidlXUnionField*/{.type=&v1_Vector4294967295nonnullable30v1_String4294967295nonnullableTable, .ordinal=3u}
};
const fidl_type_t v1_fidl_test_json_StrictUnionTable = {.type_tag=kFidlTypeXUnion, {.coded_xunion={.field_count=3u, .fields=Fields29v1_fidl_test_json_StrictUnion, .nullable=kFidlNullability_Nonnullable, .name="fidl.test.json/StrictUnion", .strictness=kFidlStrictness_Strict, .alt_type=&fidl_test_json_StrictUnionTable}}};
static const struct FidlXUnionField Fields37v1_fidl_test_json_ReverseOrdinalUnion[] = {
    /*FidlXUnionField*/{.type=&fidl_internal_kUint32Table, .ordinal=1u},
    /*FidlXUnionField*/{.type=&fidl_internal_kUint32Table, .ordinal=2u}
};
const fidl_type_t v1_fidl_test_json_ReverseOrdinalUnionTable = {.type_tag=kFidlTypeXUnion, {.coded_xunion={.field_count=2u, .fields=Fields37v1_fidl_test_json_ReverseOrdinalUnion, .nullable=kFidlNullability_Nonnullable, .name="fidl.test.json/ReverseOrdinalUnion", .strictness=kFidlStrictness_Strict, .alt_type=&fidl_test_json_ReverseOrdinalUnionTable}}};
static const struct FidlStructField Fields23v1_fidl_test_json_Pizza[] = {
    /*FidlStructField*/{.type=&v1_Vector4294967295nonnullable22v1_String16nonnullableTable, .offset=0u, .padding=0u}
};
const fidl_type_t v1_fidl_test_json_PizzaTable = {.type_tag=kFidlTypeStruct, {.coded_struct={.fields=Fields23v1_fidl_test_json_Pizza, .field_count=1u, .size=16u, .max_out_of_line=4294967295u, .contains_union=false, .name="fidl.test.json/Pizza", .alt_type=&fidl_test_json_PizzaTable}}};

static const struct FidlStructField Fields23v1_fidl_test_json_Pasta[] = {
    /*FidlStructField*/{.type=&v1_String16nonnullableTable, .offset=0u, .padding=0u}
};
const fidl_type_t v1_fidl_test_json_PastaTable = {.type_tag=kFidlTypeStruct, {.coded_struct={.fields=Fields23v1_fidl_test_json_Pasta, .field_count=1u, .size=16u, .max_out_of_line=16u, .contains_union=false, .name="fidl.test.json/Pasta", .alt_type=&fidl_test_json_PastaTable}}};

static const struct FidlXUnionField Fields36v1_fidl_test_json_StrictPizzaOrPasta[] = {
    /*FidlXUnionField*/{.type=&v1_fidl_test_json_PizzaTable, .ordinal=1u},
    /*FidlXUnionField*/{.type=&v1_fidl_test_json_PastaTable, .ordinal=2u}
};
const fidl_type_t v1_fidl_test_json_StrictPizzaOrPastaTable = {.type_tag=kFidlTypeXUnion, {.coded_xunion={.field_count=2u, .fields=Fields36v1_fidl_test_json_StrictPizzaOrPasta, .nullable=kFidlNullability_Nonnullable, .name="fidl.test.json/StrictPizzaOrPasta", .strictness=kFidlStrictness_Strict, .alt_type=&fidl_test_json_StrictPizzaOrPastaTable}}};
static const struct FidlXUnionField Fields30v1_fidl_test_json_PizzaOrPasta[] = {
    /*FidlXUnionField*/{.type=&v1_fidl_test_json_PizzaTable, .ordinal=1u},
    /*FidlXUnionField*/{.type=&v1_fidl_test_json_PastaTable, .ordinal=2u}
};
const fidl_type_t v1_fidl_test_json_PizzaOrPastaTable = {.type_tag=kFidlTypeXUnion, {.coded_xunion={.field_count=2u, .fields=Fields30v1_fidl_test_json_PizzaOrPasta, .nullable=kFidlNullability_Nonnullable, .name="fidl.test.json/PizzaOrPasta", .strictness=kFidlStrictness_Strict, .alt_type=&fidl_test_json_PizzaOrPastaTable}}};
static const struct FidlXUnionField Fields38v1_fidl_test_json_FlexiblePizzaOrPasta[] = {
    /*FidlXUnionField*/{.type=&v1_fidl_test_json_PizzaTable, .ordinal=1u},
    /*FidlXUnionField*/{.type=&v1_fidl_test_json_PastaTable, .ordinal=2u}
};
const fidl_type_t v1_fidl_test_json_FlexiblePizzaOrPastaTable = {.type_tag=kFidlTypeXUnion, {.coded_xunion={.field_count=2u, .fields=Fields38v1_fidl_test_json_FlexiblePizzaOrPasta, .nullable=kFidlNullability_Nonnullable, .name="fidl.test.json/FlexiblePizzaOrPasta", .strictness=kFidlStrictness_Flexible, .alt_type=&fidl_test_json_FlexiblePizzaOrPastaTable}}};
static const struct FidlXUnionField Fields38v1_fidl_test_json_ExplicitPizzaOrPasta[] = {
    /*FidlXUnionField*/{.type=&v1_fidl_test_json_PizzaTable, .ordinal=1u},
    /*FidlXUnionField*/{.type=&v1_fidl_test_json_PastaTable, .ordinal=4u}
};
const fidl_type_t v1_fidl_test_json_ExplicitPizzaOrPastaTable = {.type_tag=kFidlTypeXUnion, {.coded_xunion={.field_count=2u, .fields=Fields38v1_fidl_test_json_ExplicitPizzaOrPasta, .nullable=kFidlNullability_Nonnullable, .name="fidl.test.json/ExplicitPizzaOrPasta", .strictness=kFidlStrictness_Strict, .alt_type=&fidl_test_json_ExplicitPizzaOrPastaTable}}};
static const struct FidlStructField Fields37v1_fidl_test_json_NullableUnionStruct[] = {
    /*FidlStructField*/{.type=&v1_Pointer23v1_fidl_test_json_UnionTable, .offset=0u, .padding=0u}
};
const fidl_type_t v1_fidl_test_json_NullableUnionStructTable = {.type_tag=kFidlTypeStruct, {.coded_struct={.fields=Fields37v1_fidl_test_json_NullableUnionStruct, .field_count=1u, .size=24u, .max_out_of_line=4294967295u, .contains_union=true, .name="fidl.test.json/NullableUnionStruct", .alt_type=&fidl_test_json_NullableUnionStructTable}}};

static const struct FidlXUnionField Fields31v1_fidl_test_json_FlexibleUnion[] = {
    /*FidlXUnionField*/{.type=&fidl_internal_kInt32Table, .ordinal=1u},
    /*FidlXUnionField*/{.type=&v1_String4294967295nonnullableTable, .ordinal=2u},
    /*FidlXUnionField*/{.type=&v1_Vector4294967295nonnullable30v1_String4294967295nonnullableTable, .ordinal=3u}
};
const fidl_type_t v1_fidl_test_json_FlexibleUnionTable = {.type_tag=kFidlTypeXUnion, {.coded_xunion={.field_count=3u, .fields=Fields31v1_fidl_test_json_FlexibleUnion, .nullable=kFidlNullability_Nonnullable, .name="fidl.test.json/FlexibleUnion", .strictness=kFidlStrictness_Flexible, .alt_type=&fidl_test_json_FlexibleUnionTable}}};
static const struct FidlXUnionField Fields32v1_fidl_test_json_FieldCollision[] = {
    /*FidlXUnionField*/{.type=&fidl_internal_kInt32Table, .ordinal=1u}
};
const fidl_type_t v1_fidl_test_json_FieldCollisionTable = {.type_tag=kFidlTypeXUnion, {.coded_xunion={.field_count=1u, .fields=Fields32v1_fidl_test_json_FieldCollision, .nullable=kFidlNullability_Nonnullable, .name="fidl.test.json/FieldCollision", .strictness=kFidlStrictness_Strict, .alt_type=&fidl_test_json_FieldCollisionTable}}};
static const struct FidlXUnionField Fields31v1_fidl_test_json_ExplicitUnion[] = {
    /*FidlXUnionField*/{.type=&fidl_internal_kInt32Table, .ordinal=1u},
    /*FidlXUnionField*/{.type=&v1_String4294967295nonnullableTable, .ordinal=3u}
};
const fidl_type_t v1_fidl_test_json_ExplicitUnionTable = {.type_tag=kFidlTypeXUnion, {.coded_xunion={.field_count=2u, .fields=Fields31v1_fidl_test_json_ExplicitUnion, .nullable=kFidlNullability_Nonnullable, .name="fidl.test.json/ExplicitUnion", .strictness=kFidlStrictness_Strict, .alt_type=&fidl_test_json_ExplicitUnionTable}}};
