// WARNING: This file is machine generated by fidlc.

#include <lib/fidl/internal.h>

// Forward declarations for old <-> V1 mappings

static const fidl_type_t Vector10nonnullable5uint8Table;
extern const fidl_type_t fidl_test_json_TestProtocolStrictXUnionHenceResponseMayBeStackAllocatedRequestTable;
extern const fidl_type_t fidl_test_json_TestProtocolStrictXUnionHenceResponseMayBeStackAllocatedResponseTable;
extern const fidl_type_t fidl_test_json_TestProtocolFlexibleXUnionHenceResponseMustBeHeapAllocatedRequestTable;
extern const fidl_type_t fidl_test_json_TestProtocolFlexibleXUnionHenceResponseMustBeHeapAllocatedResponseTable;
static const fidl_type_t Vector4294967295nonnullable27String4294967295nonnullableTable;
extern const fidl_type_t fidl_test_json_StructWithNullableXUnionTable;
extern const fidl_type_t fidl_test_json_StrictSimpleXUnionTable;
extern const fidl_type_t fidl_test_json_StrictFooTable;
extern const fidl_type_t fidl_test_json_StrictBoundedXUnionTable;
extern const fidl_type_t fidl_test_json_OlderSimpleUnionTable;
extern const fidl_type_t fidl_test_json_NewerSimpleUnionTable;
extern const fidl_type_t fidl_test_json_FlexibleFooTable;
extern const fidl_type_t fidl_test_json_ExplicitXUnionTable;
extern const fidl_type_t fidl_test_json_ExplicitStrictFooTable;
extern const fidl_type_t fidl_test_json_ExplicitFooTable;
extern const fidl_type_t fidl_test_json_EmptyTable;
extern const fidl_type_t fidl_test_json_XUnionContainingEmptyStructTable;
static const fidl_type_t v1_Vector10nonnullable5uint8Table;
extern const fidl_type_t v1_fidl_test_json_TestProtocolStrictXUnionHenceResponseMayBeStackAllocatedRequestTable;
extern const fidl_type_t v1_fidl_test_json_TestProtocolStrictXUnionHenceResponseMayBeStackAllocatedResponseTable;
extern const fidl_type_t v1_fidl_test_json_TestProtocolFlexibleXUnionHenceResponseMustBeHeapAllocatedRequestTable;
extern const fidl_type_t v1_fidl_test_json_TestProtocolFlexibleXUnionHenceResponseMustBeHeapAllocatedResponseTable;
static const fidl_type_t v1_Vector4294967295nonnullable30v1_String4294967295nonnullableTable;
extern const fidl_type_t v1_fidl_test_json_StructWithNullableXUnionTable;
extern const fidl_type_t v1_fidl_test_json_StrictSimpleXUnionTable;
extern const fidl_type_t v1_fidl_test_json_StrictFooTable;
extern const fidl_type_t v1_fidl_test_json_StrictBoundedXUnionTable;
extern const fidl_type_t v1_fidl_test_json_OlderSimpleUnionTable;
static const fidl_type_t v1_Pointer34v1_fidl_test_json_OlderSimpleUnionTable;
extern const fidl_type_t v1_fidl_test_json_NewerSimpleUnionTable;
extern const fidl_type_t v1_fidl_test_json_FlexibleFooTable;
extern const fidl_type_t v1_fidl_test_json_ExplicitXUnionTable;
extern const fidl_type_t v1_fidl_test_json_ExplicitStrictFooTable;
extern const fidl_type_t v1_fidl_test_json_ExplicitFooTable;
extern const fidl_type_t v1_fidl_test_json_EmptyTable;
extern const fidl_type_t v1_fidl_test_json_XUnionContainingEmptyStructTable;

// Coding tables for old wire format.

extern const fidl_type_t fidl_test_json_StructWithNullableXUnionTable;
extern const fidl_type_t fidl_test_json_StrictSimpleXUnionTable;
extern const fidl_type_t fidl_test_json_StrictFooTable;
extern const fidl_type_t fidl_test_json_StrictBoundedXUnionTable;
extern const fidl_type_t fidl_test_json_OlderSimpleUnionTable;
extern const fidl_type_t fidl_test_json_NewerSimpleUnionTable;
extern const fidl_type_t fidl_test_json_FlexibleFooTable;
extern const fidl_type_t fidl_test_json_ExplicitXUnionTable;
extern const fidl_type_t fidl_test_json_ExplicitStrictFooTable;
extern const fidl_type_t fidl_test_json_ExplicitFooTable;
extern const fidl_type_t fidl_test_json_EmptyTable;
extern const fidl_type_t fidl_test_json_XUnionContainingEmptyStructTable;

static const fidl_type_t Pointer31fidl_test_json_OlderSimpleUnionTable = {.type_tag=kFidlTypeUnionPointer, {.coded_union_pointer={.union_type=&fidl_test_json_OlderSimpleUnionTable.coded_union}}};

static const fidl_type_t String4294967295nonnullableTable = {.type_tag=kFidlTypeString, {.coded_string={.max_size=4294967295u, .nullable=kFidlNullability_Nonnullable}}};

static const fidl_type_t Vector10nonnullable5uint8Table = {.type_tag=kFidlTypeVector, {.coded_vector={.element=NULL, .max_count=10u, .element_size=1u, .nullable=kFidlNullability_Nonnullable, .alt_type=&v1_Vector10nonnullable5uint8Table}}};

extern const fidl_type_t fidl_test_json_TestProtocolStrictXUnionHenceResponseMayBeStackAllocatedRequestTable;
static const struct FidlStructField Fields78fidl_test_json_TestProtocolStrictXUnionHenceResponseMayBeStackAllocatedRequest[] = {};
const fidl_type_t fidl_test_json_TestProtocolStrictXUnionHenceResponseMayBeStackAllocatedRequestTable = {.type_tag=kFidlTypeStruct, {.coded_struct={.fields=Fields78fidl_test_json_TestProtocolStrictXUnionHenceResponseMayBeStackAllocatedRequest, .field_count=0u, .size=16u, .max_out_of_line=0u, .contains_union=false, .name="fidl.test.json/TestProtocolStrictXUnionHenceResponseMayBeStackAllocatedRequest", .alt_type=&v1_fidl_test_json_TestProtocolStrictXUnionHenceResponseMayBeStackAllocatedRequestTable}}};

extern const fidl_type_t fidl_test_json_TestProtocolStrictXUnionHenceResponseMayBeStackAllocatedResponseTable;
static const struct FidlStructField Fields79fidl_test_json_TestProtocolStrictXUnionHenceResponseMayBeStackAllocatedResponse[] = {
    /*FidlStructField*/{.type=&fidl_test_json_StrictBoundedXUnionTable, .offset=16u, .padding=0u}
};
const fidl_type_t fidl_test_json_TestProtocolStrictXUnionHenceResponseMayBeStackAllocatedResponseTable = {.type_tag=kFidlTypeStruct, {.coded_struct={.fields=Fields79fidl_test_json_TestProtocolStrictXUnionHenceResponseMayBeStackAllocatedResponse, .field_count=1u, .size=40u, .max_out_of_line=16u, .contains_union=true, .name="fidl.test.json/TestProtocolStrictXUnionHenceResponseMayBeStackAllocatedResponse", .alt_type=&v1_fidl_test_json_TestProtocolStrictXUnionHenceResponseMayBeStackAllocatedResponseTable}}};

extern const fidl_type_t fidl_test_json_TestProtocolFlexibleXUnionHenceResponseMustBeHeapAllocatedRequestTable;
static const struct FidlStructField Fields80fidl_test_json_TestProtocolFlexibleXUnionHenceResponseMustBeHeapAllocatedRequest[] = {};
const fidl_type_t fidl_test_json_TestProtocolFlexibleXUnionHenceResponseMustBeHeapAllocatedRequestTable = {.type_tag=kFidlTypeStruct, {.coded_struct={.fields=Fields80fidl_test_json_TestProtocolFlexibleXUnionHenceResponseMustBeHeapAllocatedRequest, .field_count=0u, .size=16u, .max_out_of_line=0u, .contains_union=false, .name="fidl.test.json/TestProtocolFlexibleXUnionHenceResponseMustBeHeapAllocatedRequest", .alt_type=&v1_fidl_test_json_TestProtocolFlexibleXUnionHenceResponseMustBeHeapAllocatedRequestTable}}};

extern const fidl_type_t fidl_test_json_TestProtocolFlexibleXUnionHenceResponseMustBeHeapAllocatedResponseTable;
static const struct FidlStructField Fields81fidl_test_json_TestProtocolFlexibleXUnionHenceResponseMustBeHeapAllocatedResponse[] = {
    /*FidlStructField*/{.type=&fidl_test_json_OlderSimpleUnionTable, .offset=16u, .padding=0u}
};
const fidl_type_t fidl_test_json_TestProtocolFlexibleXUnionHenceResponseMustBeHeapAllocatedResponseTable = {.type_tag=kFidlTypeStruct, {.coded_struct={.fields=Fields81fidl_test_json_TestProtocolFlexibleXUnionHenceResponseMustBeHeapAllocatedResponse, .field_count=1u, .size=32u, .max_out_of_line=0u, .contains_union=true, .name="fidl.test.json/TestProtocolFlexibleXUnionHenceResponseMustBeHeapAllocatedResponse", .alt_type=&v1_fidl_test_json_TestProtocolFlexibleXUnionHenceResponseMustBeHeapAllocatedResponseTable}}};

static const fidl_type_t Vector4294967295nonnullable27String4294967295nonnullableTable = {.type_tag=kFidlTypeVector, {.coded_vector={.element=&String4294967295nonnullableTable, .max_count=4294967295u, .element_size=16u, .nullable=kFidlNullability_Nonnullable, .alt_type=&v1_Vector4294967295nonnullable30v1_String4294967295nonnullableTable}}};


static const struct FidlStructField Fields39fidl_test_json_StructWithNullableXUnion[] = {
    /*FidlStructField*/{.type=&Pointer31fidl_test_json_OlderSimpleUnionTable, .offset=0u, .padding=0u}
};
const fidl_type_t fidl_test_json_StructWithNullableXUnionTable = {.type_tag=kFidlTypeStruct, {.coded_struct={.fields=Fields39fidl_test_json_StructWithNullableXUnion, .field_count=1u, .size=8u, .max_out_of_line=16u, .contains_union=true, .name="fidl.test.json/StructWithNullableXUnion", .alt_type=&v1_fidl_test_json_StructWithNullableXUnionTable}}};

static const struct FidlUnionField Fields33fidl_test_json_StrictSimpleXUnion[] = {
    /*FidlUnionField*/{.type=NULL, .padding=12u, .xunion_ordinal=1u},
    /*FidlUnionField*/{.type=NULL, .padding=12u, .xunion_ordinal=2u},
    /*FidlUnionField*/{.type=&String4294967295nonnullableTable, .padding=0u, .xunion_ordinal=3u}
};
const fidl_type_t fidl_test_json_StrictSimpleXUnionTable = {.type_tag=kFidlTypeUnion, {.coded_union={.fields=Fields33fidl_test_json_StrictSimpleXUnion, .field_count=3u, .data_offset=8u, .size=24u, .name="fidl.test.json/StrictSimpleXUnion", .alt_type=&v1_fidl_test_json_StrictSimpleXUnionTable}}};

static const struct FidlUnionField Fields24fidl_test_json_StrictFoo[] = {
    /*FidlUnionField*/{.type=&String4294967295nonnullableTable, .padding=0u, .xunion_ordinal=1u},
    /*FidlUnionField*/{.type=NULL, .padding=12u, .xunion_ordinal=2u}
};
const fidl_type_t fidl_test_json_StrictFooTable = {.type_tag=kFidlTypeUnion, {.coded_union={.fields=Fields24fidl_test_json_StrictFoo, .field_count=2u, .data_offset=8u, .size=24u, .name="fidl.test.json/StrictFoo", .alt_type=&v1_fidl_test_json_StrictFooTable}}};

static const struct FidlUnionField Fields34fidl_test_json_StrictBoundedXUnion[] = {
    /*FidlUnionField*/{.type=&Vector10nonnullable5uint8Table, .padding=0u, .xunion_ordinal=1u}
};
const fidl_type_t fidl_test_json_StrictBoundedXUnionTable = {.type_tag=kFidlTypeUnion, {.coded_union={.fields=Fields34fidl_test_json_StrictBoundedXUnion, .field_count=1u, .data_offset=8u, .size=24u, .name="fidl.test.json/StrictBoundedXUnion", .alt_type=&v1_fidl_test_json_StrictBoundedXUnionTable}}};

static const struct FidlUnionField Fields31fidl_test_json_OlderSimpleUnion[] = {
    /*FidlUnionField*/{.type=NULL, .padding=0u, .xunion_ordinal=1u},
    /*FidlUnionField*/{.type=NULL, .padding=4u, .xunion_ordinal=2u}
};
const fidl_type_t fidl_test_json_OlderSimpleUnionTable = {.type_tag=kFidlTypeUnion, {.coded_union={.fields=Fields31fidl_test_json_OlderSimpleUnion, .field_count=2u, .data_offset=8u, .size=16u, .name="fidl.test.json/OlderSimpleUnion", .alt_type=&v1_fidl_test_json_OlderSimpleUnionTable}}};

static const struct FidlUnionField Fields31fidl_test_json_NewerSimpleUnion[] = {
    /*FidlUnionField*/{.type=NULL, .padding=8u, .xunion_ordinal=1u},
    /*FidlUnionField*/{.type=&String4294967295nonnullableTable, .padding=0u, .xunion_ordinal=2u},
    /*FidlUnionField*/{.type=&Vector4294967295nonnullable27String4294967295nonnullableTable, .padding=0u, .xunion_ordinal=3u}
};
const fidl_type_t fidl_test_json_NewerSimpleUnionTable = {.type_tag=kFidlTypeUnion, {.coded_union={.fields=Fields31fidl_test_json_NewerSimpleUnion, .field_count=3u, .data_offset=8u, .size=24u, .name="fidl.test.json/NewerSimpleUnion", .alt_type=&v1_fidl_test_json_NewerSimpleUnionTable}}};

static const struct FidlUnionField Fields26fidl_test_json_FlexibleFoo[] = {
    /*FidlUnionField*/{.type=&String4294967295nonnullableTable, .padding=0u, .xunion_ordinal=1u},
    /*FidlUnionField*/{.type=NULL, .padding=12u, .xunion_ordinal=2u}
};
const fidl_type_t fidl_test_json_FlexibleFooTable = {.type_tag=kFidlTypeUnion, {.coded_union={.fields=Fields26fidl_test_json_FlexibleFoo, .field_count=2u, .data_offset=8u, .size=24u, .name="fidl.test.json/FlexibleFoo", .alt_type=&v1_fidl_test_json_FlexibleFooTable}}};

static const struct FidlUnionField Fields29fidl_test_json_ExplicitXUnion[] = {
    /*FidlUnionField*/{.type=NULL, .padding=0u, .xunion_ordinal=1u},
    /*FidlUnionField*/{.type=NULL, .padding=4u, .xunion_ordinal=4u}
};
const fidl_type_t fidl_test_json_ExplicitXUnionTable = {.type_tag=kFidlTypeUnion, {.coded_union={.fields=Fields29fidl_test_json_ExplicitXUnion, .field_count=2u, .data_offset=8u, .size=16u, .name="fidl.test.json/ExplicitXUnion", .alt_type=&v1_fidl_test_json_ExplicitXUnionTable}}};

static const struct FidlUnionField Fields32fidl_test_json_ExplicitStrictFoo[] = {
    /*FidlUnionField*/{.type=NULL, .padding=12u, .xunion_ordinal=2u},
    /*FidlUnionField*/{.type=&String4294967295nonnullableTable, .padding=0u, .xunion_ordinal=3u}
};
const fidl_type_t fidl_test_json_ExplicitStrictFooTable = {.type_tag=kFidlTypeUnion, {.coded_union={.fields=Fields32fidl_test_json_ExplicitStrictFoo, .field_count=2u, .data_offset=8u, .size=24u, .name="fidl.test.json/ExplicitStrictFoo", .alt_type=&v1_fidl_test_json_ExplicitStrictFooTable}}};

static const struct FidlUnionField Fields26fidl_test_json_ExplicitFoo[] = {
    /*FidlUnionField*/{.type=NULL, .padding=12u, .xunion_ordinal=1u},
    /*FidlUnionField*/{.type=&String4294967295nonnullableTable, .padding=0u, .xunion_ordinal=2u}
};
const fidl_type_t fidl_test_json_ExplicitFooTable = {.type_tag=kFidlTypeUnion, {.coded_union={.fields=Fields26fidl_test_json_ExplicitFoo, .field_count=2u, .data_offset=8u, .size=24u, .name="fidl.test.json/ExplicitFoo", .alt_type=&v1_fidl_test_json_ExplicitFooTable}}};

static const struct FidlStructField Fields20fidl_test_json_Empty[] = {};
const fidl_type_t fidl_test_json_EmptyTable = {.type_tag=kFidlTypeStruct, {.coded_struct={.fields=Fields20fidl_test_json_Empty, .field_count=0u, .size=1u, .max_out_of_line=0u, .contains_union=false, .name="fidl.test.json/Empty", .alt_type=&v1_fidl_test_json_EmptyTable}}};

static const struct FidlUnionField Fields42fidl_test_json_XUnionContainingEmptyStruct[] = {
    /*FidlUnionField*/{.type=&fidl_test_json_EmptyTable, .padding=3u, .xunion_ordinal=1u}
};
const fidl_type_t fidl_test_json_XUnionContainingEmptyStructTable = {.type_tag=kFidlTypeUnion, {.coded_union={.fields=Fields42fidl_test_json_XUnionContainingEmptyStruct, .field_count=1u, .data_offset=4u, .size=8u, .name="fidl.test.json/XUnionContainingEmptyStruct", .alt_type=&v1_fidl_test_json_XUnionContainingEmptyStructTable}}};

// Coding tables for v1 wire format.

extern const fidl_type_t v1_fidl_test_json_StructWithNullableXUnionTable;
extern const fidl_type_t v1_fidl_test_json_StrictSimpleXUnionTable;
extern const fidl_type_t v1_fidl_test_json_StrictFooTable;
extern const fidl_type_t v1_fidl_test_json_StrictBoundedXUnionTable;
extern const fidl_type_t v1_fidl_test_json_OlderSimpleUnionTable;
static const fidl_type_t v1_Pointer34v1_fidl_test_json_OlderSimpleUnionTable;
extern const fidl_type_t v1_fidl_test_json_NewerSimpleUnionTable;
extern const fidl_type_t v1_fidl_test_json_FlexibleFooTable;
extern const fidl_type_t v1_fidl_test_json_ExplicitXUnionTable;
extern const fidl_type_t v1_fidl_test_json_ExplicitStrictFooTable;
extern const fidl_type_t v1_fidl_test_json_ExplicitFooTable;
extern const fidl_type_t v1_fidl_test_json_EmptyTable;
extern const fidl_type_t v1_fidl_test_json_XUnionContainingEmptyStructTable;


static const fidl_type_t v1_String4294967295nonnullableTable = {.type_tag=kFidlTypeString, {.coded_string={.max_size=4294967295u, .nullable=kFidlNullability_Nonnullable}}};

static const fidl_type_t v1_Vector10nonnullable5uint8Table = {.type_tag=kFidlTypeVector, {.coded_vector={.element=NULL, .max_count=10u, .element_size=1u, .nullable=kFidlNullability_Nonnullable, .alt_type=&Vector10nonnullable5uint8Table}}};

extern const fidl_type_t v1_fidl_test_json_TestProtocolStrictXUnionHenceResponseMayBeStackAllocatedRequestTable;
static const struct FidlStructField Fields81v1_fidl_test_json_TestProtocolStrictXUnionHenceResponseMayBeStackAllocatedRequest[] = {};
const fidl_type_t v1_fidl_test_json_TestProtocolStrictXUnionHenceResponseMayBeStackAllocatedRequestTable = {.type_tag=kFidlTypeStruct, {.coded_struct={.fields=Fields81v1_fidl_test_json_TestProtocolStrictXUnionHenceResponseMayBeStackAllocatedRequest, .field_count=0u, .size=16u, .max_out_of_line=0u, .contains_union=false, .name="fidl.test.json/TestProtocolStrictXUnionHenceResponseMayBeStackAllocatedRequest", .alt_type=&fidl_test_json_TestProtocolStrictXUnionHenceResponseMayBeStackAllocatedRequestTable}}};

extern const fidl_type_t v1_fidl_test_json_TestProtocolStrictXUnionHenceResponseMayBeStackAllocatedResponseTable;
static const struct FidlStructField Fields82v1_fidl_test_json_TestProtocolStrictXUnionHenceResponseMayBeStackAllocatedResponse[] = {
    /*FidlStructField*/{.type=&v1_fidl_test_json_StrictBoundedXUnionTable, .offset=16u, .padding=0u}
};
const fidl_type_t v1_fidl_test_json_TestProtocolStrictXUnionHenceResponseMayBeStackAllocatedResponseTable = {.type_tag=kFidlTypeStruct, {.coded_struct={.fields=Fields82v1_fidl_test_json_TestProtocolStrictXUnionHenceResponseMayBeStackAllocatedResponse, .field_count=1u, .size=40u, .max_out_of_line=32u, .contains_union=true, .name="fidl.test.json/TestProtocolStrictXUnionHenceResponseMayBeStackAllocatedResponse", .alt_type=&fidl_test_json_TestProtocolStrictXUnionHenceResponseMayBeStackAllocatedResponseTable}}};

extern const fidl_type_t v1_fidl_test_json_TestProtocolFlexibleXUnionHenceResponseMustBeHeapAllocatedRequestTable;
static const struct FidlStructField Fields83v1_fidl_test_json_TestProtocolFlexibleXUnionHenceResponseMustBeHeapAllocatedRequest[] = {};
const fidl_type_t v1_fidl_test_json_TestProtocolFlexibleXUnionHenceResponseMustBeHeapAllocatedRequestTable = {.type_tag=kFidlTypeStruct, {.coded_struct={.fields=Fields83v1_fidl_test_json_TestProtocolFlexibleXUnionHenceResponseMustBeHeapAllocatedRequest, .field_count=0u, .size=16u, .max_out_of_line=0u, .contains_union=false, .name="fidl.test.json/TestProtocolFlexibleXUnionHenceResponseMustBeHeapAllocatedRequest", .alt_type=&fidl_test_json_TestProtocolFlexibleXUnionHenceResponseMustBeHeapAllocatedRequestTable}}};

extern const fidl_type_t v1_fidl_test_json_TestProtocolFlexibleXUnionHenceResponseMustBeHeapAllocatedResponseTable;
static const struct FidlStructField Fields84v1_fidl_test_json_TestProtocolFlexibleXUnionHenceResponseMustBeHeapAllocatedResponse[] = {
    /*FidlStructField*/{.type=&v1_fidl_test_json_OlderSimpleUnionTable, .offset=16u, .padding=0u}
};
const fidl_type_t v1_fidl_test_json_TestProtocolFlexibleXUnionHenceResponseMustBeHeapAllocatedResponseTable = {.type_tag=kFidlTypeStruct, {.coded_struct={.fields=Fields84v1_fidl_test_json_TestProtocolFlexibleXUnionHenceResponseMustBeHeapAllocatedResponse, .field_count=1u, .size=40u, .max_out_of_line=8u, .contains_union=true, .name="fidl.test.json/TestProtocolFlexibleXUnionHenceResponseMustBeHeapAllocatedResponse", .alt_type=&fidl_test_json_TestProtocolFlexibleXUnionHenceResponseMustBeHeapAllocatedResponseTable}}};

static const fidl_type_t v1_Vector4294967295nonnullable30v1_String4294967295nonnullableTable = {.type_tag=kFidlTypeVector, {.coded_vector={.element=&v1_String4294967295nonnullableTable, .max_count=4294967295u, .element_size=16u, .nullable=kFidlNullability_Nonnullable, .alt_type=&Vector4294967295nonnullable27String4294967295nonnullableTable}}};


static const struct FidlStructField Fields42v1_fidl_test_json_StructWithNullableXUnion[] = {
    /*FidlStructField*/{.type=&v1_Pointer34v1_fidl_test_json_OlderSimpleUnionTable, .offset=0u, .padding=0u}
};
const fidl_type_t v1_fidl_test_json_StructWithNullableXUnionTable = {.type_tag=kFidlTypeStruct, {.coded_struct={.fields=Fields42v1_fidl_test_json_StructWithNullableXUnion, .field_count=1u, .size=24u, .max_out_of_line=8u, .contains_union=true, .name="fidl.test.json/StructWithNullableXUnion", .alt_type=&fidl_test_json_StructWithNullableXUnionTable}}};

static const struct FidlXUnionField Fields36v1_fidl_test_json_StrictSimpleXUnion[] = {
    /*FidlXUnionField*/{.type=&fidl_internal_kInt32Table, .ordinal=1u},
    /*FidlXUnionField*/{.type=&fidl_internal_kFloat32Table, .ordinal=2u},
    /*FidlXUnionField*/{.type=&v1_String4294967295nonnullableTable, .ordinal=3u}
};
const fidl_type_t v1_fidl_test_json_StrictSimpleXUnionTable = {.type_tag=kFidlTypeXUnion, {.coded_xunion={.field_count=3u, .fields=Fields36v1_fidl_test_json_StrictSimpleXUnion, .nullable=kFidlNullability_Nonnullable, .name="fidl.test.json/StrictSimpleXUnion", .strictness=kFidlStrictness_Strict, .alt_type=&fidl_test_json_StrictSimpleXUnionTable}}};
static const struct FidlXUnionField Fields27v1_fidl_test_json_StrictFoo[] = {
    /*FidlXUnionField*/{.type=&v1_String4294967295nonnullableTable, .ordinal=1u},
    /*FidlXUnionField*/{.type=&fidl_internal_kInt32Table, .ordinal=2u}
};
const fidl_type_t v1_fidl_test_json_StrictFooTable = {.type_tag=kFidlTypeXUnion, {.coded_xunion={.field_count=2u, .fields=Fields27v1_fidl_test_json_StrictFoo, .nullable=kFidlNullability_Nonnullable, .name="fidl.test.json/StrictFoo", .strictness=kFidlStrictness_Strict, .alt_type=&fidl_test_json_StrictFooTable}}};
static const struct FidlXUnionField Fields37v1_fidl_test_json_StrictBoundedXUnion[] = {
    /*FidlXUnionField*/{.type=&v1_Vector10nonnullable5uint8Table, .ordinal=1u}
};
const fidl_type_t v1_fidl_test_json_StrictBoundedXUnionTable = {.type_tag=kFidlTypeXUnion, {.coded_xunion={.field_count=1u, .fields=Fields37v1_fidl_test_json_StrictBoundedXUnion, .nullable=kFidlNullability_Nonnullable, .name="fidl.test.json/StrictBoundedXUnion", .strictness=kFidlStrictness_Strict, .alt_type=&fidl_test_json_StrictBoundedXUnionTable}}};
static const struct FidlXUnionField Fields34v1_fidl_test_json_OlderSimpleUnion[] = {
    /*FidlXUnionField*/{.type=&fidl_internal_kInt64Table, .ordinal=1u},
    /*FidlXUnionField*/{.type=&fidl_internal_kFloat32Table, .ordinal=2u}
};
const fidl_type_t v1_fidl_test_json_OlderSimpleUnionTable = {.type_tag=kFidlTypeXUnion, {.coded_xunion={.field_count=2u, .fields=Fields34v1_fidl_test_json_OlderSimpleUnion, .nullable=kFidlNullability_Nonnullable, .name="fidl.test.json/OlderSimpleUnion", .strictness=kFidlStrictness_Flexible, .alt_type=&fidl_test_json_OlderSimpleUnionTable}}};
static const struct FidlXUnionField Fields46v1_Pointer34v1_fidl_test_json_OlderSimpleUnion[] = {
    /*FidlXUnionField*/{.type=&fidl_internal_kInt64Table, .ordinal=1u},
    /*FidlXUnionField*/{.type=&fidl_internal_kFloat32Table, .ordinal=2u}
};
static const fidl_type_t v1_Pointer34v1_fidl_test_json_OlderSimpleUnionTable = {.type_tag=kFidlTypeXUnion, {.coded_xunion={.field_count=2u, .fields=Fields46v1_Pointer34v1_fidl_test_json_OlderSimpleUnion, .nullable=kFidlNullability_Nullable, .name="fidl.test.json/OlderSimpleUnion", .strictness=kFidlStrictness_Flexible, .alt_type=&Pointer31fidl_test_json_OlderSimpleUnionTable}}};
static const struct FidlXUnionField Fields34v1_fidl_test_json_NewerSimpleUnion[] = {
    /*FidlXUnionField*/{.type=&fidl_internal_kInt64Table, .ordinal=1u},
    /*FidlXUnionField*/{.type=&v1_String4294967295nonnullableTable, .ordinal=2u},
    /*FidlXUnionField*/{.type=&v1_Vector4294967295nonnullable30v1_String4294967295nonnullableTable, .ordinal=3u}
};
const fidl_type_t v1_fidl_test_json_NewerSimpleUnionTable = {.type_tag=kFidlTypeXUnion, {.coded_xunion={.field_count=3u, .fields=Fields34v1_fidl_test_json_NewerSimpleUnion, .nullable=kFidlNullability_Nonnullable, .name="fidl.test.json/NewerSimpleUnion", .strictness=kFidlStrictness_Flexible, .alt_type=&fidl_test_json_NewerSimpleUnionTable}}};
static const struct FidlXUnionField Fields29v1_fidl_test_json_FlexibleFoo[] = {
    /*FidlXUnionField*/{.type=&v1_String4294967295nonnullableTable, .ordinal=1u},
    /*FidlXUnionField*/{.type=&fidl_internal_kInt32Table, .ordinal=2u}
};
const fidl_type_t v1_fidl_test_json_FlexibleFooTable = {.type_tag=kFidlTypeXUnion, {.coded_xunion={.field_count=2u, .fields=Fields29v1_fidl_test_json_FlexibleFoo, .nullable=kFidlNullability_Nonnullable, .name="fidl.test.json/FlexibleFoo", .strictness=kFidlStrictness_Flexible, .alt_type=&fidl_test_json_FlexibleFooTable}}};
static const struct FidlXUnionField Fields32v1_fidl_test_json_ExplicitXUnion[] = {
    /*FidlXUnionField*/{.type=&fidl_internal_kInt64Table, .ordinal=1u},
    /*FidlXUnionField*/{.type=&fidl_internal_kFloat32Table, .ordinal=4u}
};
const fidl_type_t v1_fidl_test_json_ExplicitXUnionTable = {.type_tag=kFidlTypeXUnion, {.coded_xunion={.field_count=2u, .fields=Fields32v1_fidl_test_json_ExplicitXUnion, .nullable=kFidlNullability_Nonnullable, .name="fidl.test.json/ExplicitXUnion", .strictness=kFidlStrictness_Flexible, .alt_type=&fidl_test_json_ExplicitXUnionTable}}};
static const struct FidlXUnionField Fields35v1_fidl_test_json_ExplicitStrictFoo[] = {
    /*FidlXUnionField*/{.type=&fidl_internal_kInt32Table, .ordinal=2u},
    /*FidlXUnionField*/{.type=&v1_String4294967295nonnullableTable, .ordinal=3u}
};
const fidl_type_t v1_fidl_test_json_ExplicitStrictFooTable = {.type_tag=kFidlTypeXUnion, {.coded_xunion={.field_count=2u, .fields=Fields35v1_fidl_test_json_ExplicitStrictFoo, .nullable=kFidlNullability_Nonnullable, .name="fidl.test.json/ExplicitStrictFoo", .strictness=kFidlStrictness_Strict, .alt_type=&fidl_test_json_ExplicitStrictFooTable}}};
static const struct FidlXUnionField Fields29v1_fidl_test_json_ExplicitFoo[] = {
    /*FidlXUnionField*/{.type=&fidl_internal_kInt32Table, .ordinal=1u},
    /*FidlXUnionField*/{.type=&v1_String4294967295nonnullableTable, .ordinal=2u}
};
const fidl_type_t v1_fidl_test_json_ExplicitFooTable = {.type_tag=kFidlTypeXUnion, {.coded_xunion={.field_count=2u, .fields=Fields29v1_fidl_test_json_ExplicitFoo, .nullable=kFidlNullability_Nonnullable, .name="fidl.test.json/ExplicitFoo", .strictness=kFidlStrictness_Flexible, .alt_type=&fidl_test_json_ExplicitFooTable}}};
static const struct FidlStructField Fields23v1_fidl_test_json_Empty[] = {};
const fidl_type_t v1_fidl_test_json_EmptyTable = {.type_tag=kFidlTypeStruct, {.coded_struct={.fields=Fields23v1_fidl_test_json_Empty, .field_count=0u, .size=1u, .max_out_of_line=0u, .contains_union=false, .name="fidl.test.json/Empty", .alt_type=&fidl_test_json_EmptyTable}}};

static const struct FidlXUnionField Fields45v1_fidl_test_json_XUnionContainingEmptyStruct[] = {
    /*FidlXUnionField*/{.type=&v1_fidl_test_json_EmptyTable, .ordinal=1u}
};
const fidl_type_t v1_fidl_test_json_XUnionContainingEmptyStructTable = {.type_tag=kFidlTypeXUnion, {.coded_xunion={.field_count=1u, .fields=Fields45v1_fidl_test_json_XUnionContainingEmptyStruct, .nullable=kFidlNullability_Nonnullable, .name="fidl.test.json/XUnionContainingEmptyStruct", .strictness=kFidlStrictness_Flexible, .alt_type=&fidl_test_json_XUnionContainingEmptyStructTable}}};
